ARM Linker, 4.1 [Build 894] [Standard]

==============================================================================

Section Cross References

    startup.o(RESET) refers to startup.o(STACK) for StackMem
    startup.o(RESET) refers to touch.o(.text) for TouchScreenIntHandler
    startup.o(RESET) refers to entry.o(.ARM.Collect$$$$00000000) for __main
    main.o(.text) refers to widget.o(i.WidgetAdd) for WidgetAdd
    main.o(.text) refers to widget.o(i.WidgetMessageQueueAdd) for WidgetMessageQueueAdd
    main.o(.text) refers to widget.o(i.WidgetMessageQueueProcess) for WidgetMessageQueueProcess
    main.o(.text) refers to systick.o(i.SysTickValueGet) for SysTickValueGet
    main.o(.text) refers to rand.o(.text) for srand
    main.o(.text) refers to main.o(.data) for c1
    main.o(.text) refers to 2.o(.constdata) for g_pucImage2
    main.o(.text) refers to widget.o(.data) for g_sRoot
    main.o(.text) refers to 1.o(.constdata) for g_pucImage1
    main.o(.text) refers to sysctl.o(i.SysCtlClockSet) for SysCtlClockSet
    main.o(.text) refers to set_pinout.o(.text) for PinoutSet
    main.o(.text) refers to interrupt.o(i.IntMasterEnable) for IntMasterEnable
    main.o(.text) refers to kitronix320x240x16_ssd2119_8bit.o(.text) for Kitronix320x240x16_SSD2119Init
    main.o(.text) refers to touch.o(.text) for TouchScreenInit
    main.o(.text) refers to systick.o(i.SysTickPeriodSet) for SysTickPeriodSet
    main.o(.text) refers to systick.o(i.SysTickEnable) for SysTickEnable
    main.o(.text) refers to widget.o(i.WidgetPointerMessage) for WidgetPointerMessage
    main.o(.data) refers to widget.o(.data) for g_sRoot
    main.o(.data) refers to kitronix320x240x16_ssd2119_8bit.o(.constdata) for g_sKitronix320x240x16_SSD2119
    main.o(.data) refers to pushbutton.o(i.RectangularButtonMsgProc) for RectangularButtonMsgProc
    main.o(.data) refers to fontcmss22b.o(.constdata) for g_sFontCmss22b
    main.o(.data) refers to main.o(.conststring) for .conststring
    main.o(.data) refers to main.o(.text) for OnButtonPress1
    main.o(.data) refers to canvas.o(i.CanvasMsgProc) for CanvasMsgProc
    main.o(.data) refers to 2.o(.constdata) for g_pucImage2
    kitronix320x240x16_ssd2119_8bit.o(.text) refers to gpio.o(i.GPIOPinTypeGPIOOutput) for GPIOPinTypeGPIOOutput
    kitronix320x240x16_ssd2119_8bit.o(.text) refers to gpio.o(i.GPIOPinWrite) for GPIOPinWrite
    kitronix320x240x16_ssd2119_8bit.o(.text) refers to sysctl.o(.emb_text) for SysCtlDelay
    kitronix320x240x16_ssd2119_8bit.o(.text) refers to sysctl.o(i.SysCtlClockGet) for SysCtlClockGet
    kitronix320x240x16_ssd2119_8bit.o(.text) refers to kitronix320x240x16_ssd2119_8bit.o(.data) for WriteData
    kitronix320x240x16_ssd2119_8bit.o(.text) refers to set_pinout.o(.data) for g_eDaughterType
    kitronix320x240x16_ssd2119_8bit.o(.constdata) refers to kitronix320x240x16_ssd2119_8bit.o(.text) for Kitronix240x320x16_SD60154PixelDraw
    kitronix320x240x16_ssd2119_8bit.o(.data) refers to kitronix320x240x16_ssd2119_8bit.o(.text) for WriteDataGPIO
    set_pinout.o(.text) refers to i2c.o(i.I2CMasterIntClear) for I2CMasterIntClear
    set_pinout.o(.text) refers to i2c.o(i.I2CMasterSlaveAddrSet) for I2CMasterSlaveAddrSet
    set_pinout.o(.text) refers to i2c.o(i.I2CMasterDataPut) for I2CMasterDataPut
    set_pinout.o(.text) refers to i2c.o(i.I2CMasterControl) for I2CMasterControl
    set_pinout.o(.text) refers to i2c.o(i.I2CMasterIntStatus) for I2CMasterIntStatus
    set_pinout.o(.text) refers to i2c.o(i.I2CMasterErr) for I2CMasterErr
    set_pinout.o(.text) refers to i2c.o(i.I2CMasterDataGet) for I2CMasterDataGet
    set_pinout.o(.text) refers to sysctl.o(i.SysCtlPeripheralEnable) for SysCtlPeripheralEnable
    set_pinout.o(.text) refers to gpio.o(i.GPIOPinTypeI2C) for GPIOPinTypeI2C
    set_pinout.o(.text) refers to sysctl.o(i.SysCtlClockGet) for SysCtlClockGet
    set_pinout.o(.text) refers to i2c.o(i.I2CMasterInitExpClk) for I2CMasterInitExpClk
    set_pinout.o(.text) refers to gpio.o(i.GPIOPadConfigSet) for GPIOPadConfigSet
    set_pinout.o(.text) refers to gpio.o(i.GPIODirModeSet) for GPIODirModeSet
    set_pinout.o(.text) refers to epi.o(i.EPIDividerSet) for EPIDividerSet
    set_pinout.o(.text) refers to epi.o(i.EPIModeSet) for EPIModeSet
    set_pinout.o(.text) refers to epi.o(i.EPIConfigSDRAMSet) for EPIConfigSDRAMSet
    set_pinout.o(.text) refers to epi.o(i.EPIConfigHB8Set) for EPIConfigHB8Set
    set_pinout.o(.text) refers to epi.o(i.EPIConfigGPModeSet) for EPIConfigGPModeSet
    set_pinout.o(.text) refers to epi.o(i.EPIAddressMapSet) for EPIAddressMapSet
    set_pinout.o(.text) refers to set_pinout.o(.constdata) for g_psEPIPinInfo
    set_pinout.o(.text) refers to set_pinout.o(.data) for g_eDaughterType
    touch.o(.text) refers to sysctl.o(i.SysCtlPeripheralEnable) for SysCtlPeripheralEnable
    touch.o(.text) refers to adc.o(i.ADCHardwareOversampleConfigure) for ADCHardwareOversampleConfigure
    touch.o(.text) refers to adc.o(i.ADCSequenceConfigure) for ADCSequenceConfigure
    touch.o(.text) refers to adc.o(i.ADCSequenceStepConfigure) for ADCSequenceStepConfigure
    touch.o(.text) refers to adc.o(i.ADCSequenceEnable) for ADCSequenceEnable
    touch.o(.text) refers to adc.o(i.ADCIntEnable) for ADCIntEnable
    touch.o(.text) refers to interrupt.o(i.IntEnable) for IntEnable
    touch.o(.text) refers to gpio.o(i.GPIOPinTypeGPIOOutput) for GPIOPinTypeGPIOOutput
    touch.o(.text) refers to gpio.o(i.GPIOPinWrite) for GPIOPinWrite
    touch.o(.text) refers to touch.o(.data) for g_sTouchX
    touch.o(.text) refers to touch.o(.bss) for g_psSamples
    touch.o(.text) refers to set_pinout.o(.data) for g_eDaughterType
    touch.o(.text) refers to touch.o(.constdata) for g_lTouchParameters
    touch.o(.text) refers to timer.o(i.TimerConfigure) for TimerConfigure
    touch.o(.text) refers to sysctl.o(i.SysCtlClockGet) for SysCtlClockGet
    touch.o(.text) refers to timer.o(i.TimerLoadSet) for TimerLoadSet
    touch.o(.text) refers to timer.o(i.TimerControlTrigger) for TimerControlTrigger
    touch.o(.text) refers to timer.o(i.TimerEnable) for TimerEnable
    adc.o(i.ADCIntRegister) refers to interrupt.o(i.IntRegister) for IntRegister
    adc.o(i.ADCIntRegister) refers to interrupt.o(i.IntEnable) for IntEnable
    adc.o(i.ADCIntUnregister) refers to interrupt.o(i.IntDisable) for IntDisable
    adc.o(i.ADCIntUnregister) refers to interrupt.o(i.IntUnregister) for IntUnregister
    adc.o(i.ADCSoftwareOversampleConfigure) refers to adc.o(.data) for .data
    adc.o(i.ADCSoftwareOversampleStepConfigure) refers to adc.o(.data) for .data
    adc.o(i.ADCSoftwareOversampleDataGet) refers to adc.o(.data) for .data
    epi.o(i.EPIIntRegister) refers to interrupt.o(i.IntRegister) for IntRegister
    epi.o(i.EPIIntRegister) refers to interrupt.o(i.IntEnable) for IntEnable
    epi.o(i.EPIIntUnregister) refers to interrupt.o(i.IntDisable) for IntDisable
    epi.o(i.EPIIntUnregister) refers to interrupt.o(i.IntUnregister) for IntUnregister
    gpio.o(i.GPIOPortIntRegister) refers to gpio.o(i.GPIOGetIntNumber) for GPIOGetIntNumber
    gpio.o(i.GPIOPortIntRegister) refers to interrupt.o(i.IntRegister) for IntRegister
    gpio.o(i.GPIOPortIntRegister) refers to interrupt.o(i.IntEnable) for IntEnable
    gpio.o(i.GPIOPortIntUnregister) refers to gpio.o(i.GPIOGetIntNumber) for GPIOGetIntNumber
    gpio.o(i.GPIOPortIntUnregister) refers to interrupt.o(i.IntDisable) for IntDisable
    gpio.o(i.GPIOPortIntUnregister) refers to interrupt.o(i.IntUnregister) for IntUnregister
    gpio.o(i.GPIOPinTypeADC) refers to gpio.o(i.GPIODirModeSet) for GPIODirModeSet
    gpio.o(i.GPIOPinTypeADC) refers to gpio.o(i.GPIOPadConfigSet) for GPIOPadConfigSet
    gpio.o(i.GPIOPinTypeCAN) refers to gpio.o(i.GPIODirModeSet) for GPIODirModeSet
    gpio.o(i.GPIOPinTypeCAN) refers to gpio.o(i.GPIOPadConfigSet) for GPIOPadConfigSet
    gpio.o(i.GPIOPinTypeComparator) refers to gpio.o(i.GPIODirModeSet) for GPIODirModeSet
    gpio.o(i.GPIOPinTypeComparator) refers to gpio.o(i.GPIOPadConfigSet) for GPIOPadConfigSet
    gpio.o(i.GPIOPinTypeGPIOInput) refers to gpio.o(i.GPIODirModeSet) for GPIODirModeSet
    gpio.o(i.GPIOPinTypeGPIOInput) refers to gpio.o(i.GPIOPadConfigSet) for GPIOPadConfigSet
    gpio.o(i.GPIOPinTypeGPIOOutput) refers to gpio.o(i.GPIODirModeSet) for GPIODirModeSet
    gpio.o(i.GPIOPinTypeGPIOOutput) refers to gpio.o(i.GPIOPadConfigSet) for GPIOPadConfigSet
    gpio.o(i.GPIOPinTypeGPIOOutputOD) refers to gpio.o(i.GPIODirModeSet) for GPIODirModeSet
    gpio.o(i.GPIOPinTypeGPIOOutputOD) refers to gpio.o(i.GPIOPadConfigSet) for GPIOPadConfigSet
    gpio.o(i.GPIOPinTypeI2C) refers to gpio.o(i.GPIODirModeSet) for GPIODirModeSet
    gpio.o(i.GPIOPinTypeI2C) refers to gpio.o(i.GPIOPadConfigSet) for GPIOPadConfigSet
    gpio.o(i.GPIOPinTypePWM) refers to gpio.o(i.GPIODirModeSet) for GPIODirModeSet
    gpio.o(i.GPIOPinTypePWM) refers to gpio.o(i.GPIOPadConfigSet) for GPIOPadConfigSet
    gpio.o(i.GPIOPinTypeQEI) refers to gpio.o(i.GPIODirModeSet) for GPIODirModeSet
    gpio.o(i.GPIOPinTypeQEI) refers to gpio.o(i.GPIOPadConfigSet) for GPIOPadConfigSet
    gpio.o(i.GPIOPinTypeSSI) refers to gpio.o(i.GPIODirModeSet) for GPIODirModeSet
    gpio.o(i.GPIOPinTypeSSI) refers to gpio.o(i.GPIOPadConfigSet) for GPIOPadConfigSet
    gpio.o(i.GPIOPinTypeTimer) refers to gpio.o(i.GPIODirModeSet) for GPIODirModeSet
    gpio.o(i.GPIOPinTypeTimer) refers to gpio.o(i.GPIOPadConfigSet) for GPIOPadConfigSet
    gpio.o(i.GPIOPinTypeUART) refers to gpio.o(i.GPIODirModeSet) for GPIODirModeSet
    gpio.o(i.GPIOPinTypeUART) refers to gpio.o(i.GPIOPadConfigSet) for GPIOPadConfigSet
    gpio.o(i.GPIOPinTypeUSBDigital) refers to gpio.o(i.GPIODirModeSet) for GPIODirModeSet
    gpio.o(i.GPIOPinTypeUSBDigital) refers to gpio.o(i.GPIOPadConfigSet) for GPIOPadConfigSet
    gpio.o(i.GPIOPinTypeUSBAnalog) refers to gpio.o(i.GPIODirModeSet) for GPIODirModeSet
    gpio.o(i.GPIOPinTypeUSBAnalog) refers to gpio.o(i.GPIOPadConfigSet) for GPIOPadConfigSet
    gpio.o(i.GPIOPinTypeI2S) refers to gpio.o(i.GPIODirModeSet) for GPIODirModeSet
    gpio.o(i.GPIOPinTypeI2S) refers to gpio.o(i.GPIOPadConfigSet) for GPIOPadConfigSet
    gpio.o(i.GPIOPinTypeEthernetLED) refers to gpio.o(i.GPIODirModeSet) for GPIODirModeSet
    gpio.o(i.GPIOPinTypeEthernetLED) refers to gpio.o(i.GPIOPadConfigSet) for GPIOPadConfigSet
    gpio.o(i.GPIOPinConfigure) refers to gpio.o(.constdata) for .constdata
    i2c.o(i.I2CIntRegister) refers to interrupt.o(i.IntRegister) for IntRegister
    i2c.o(i.I2CIntRegister) refers to interrupt.o(i.IntEnable) for IntEnable
    i2c.o(i.I2CIntUnregister) refers to interrupt.o(i.IntDisable) for IntDisable
    i2c.o(i.I2CIntUnregister) refers to interrupt.o(i.IntUnregister) for IntUnregister
    interrupt.o(i.IntMasterEnable) refers to cpu.o(.emb_text) for CPUcpsie
    interrupt.o(i.IntMasterDisable) refers to cpu.o(.emb_text) for CPUcpsid
    interrupt.o(i.IntRegister) refers to interrupt.o(vtable) for vtable
    interrupt.o(i.IntUnregister) refers to interrupt.o(i.IntDefaultHandler) for IntDefaultHandler
    interrupt.o(i.IntUnregister) refers to interrupt.o(vtable) for vtable
    interrupt.o(i.IntPriorityGroupingSet) refers to interrupt.o(.constdata) for .constdata
    interrupt.o(i.IntPriorityGroupingGet) refers to interrupt.o(.constdata) for .constdata
    interrupt.o(i.IntPrioritySet) refers to interrupt.o(.constdata) for .constdata
    interrupt.o(i.IntPriorityGet) refers to interrupt.o(.constdata) for .constdata
    sysctl.o(i.SysCtlPeripheralPresent) refers to sysctl.o(.constdata) for .constdata
    sysctl.o(i.SysCtlPeripheralReset) refers to sysctl.o(.constdata) for .constdata
    sysctl.o(i.SysCtlPeripheralEnable) refers to sysctl.o(.constdata) for .constdata
    sysctl.o(i.SysCtlPeripheralDisable) refers to sysctl.o(.constdata) for .constdata
    sysctl.o(i.SysCtlPeripheralSleepEnable) refers to sysctl.o(.constdata) for .constdata
    sysctl.o(i.SysCtlPeripheralSleepDisable) refers to sysctl.o(.constdata) for .constdata
    sysctl.o(i.SysCtlPeripheralDeepSleepEnable) refers to sysctl.o(.constdata) for .constdata
    sysctl.o(i.SysCtlPeripheralDeepSleepDisable) refers to sysctl.o(.constdata) for .constdata
    sysctl.o(i.SysCtlIntRegister) refers to interrupt.o(i.IntRegister) for IntRegister
    sysctl.o(i.SysCtlIntRegister) refers to interrupt.o(i.IntEnable) for IntEnable
    sysctl.o(i.SysCtlIntUnregister) refers to interrupt.o(i.IntDisable) for IntDisable
    sysctl.o(i.SysCtlIntUnregister) refers to interrupt.o(i.IntUnregister) for IntUnregister
    sysctl.o(i.SysCtlSleep) refers to cpu.o(.emb_text) for CPUwfi
    sysctl.o(i.SysCtlDeepSleep) refers to cpu.o(.emb_text) for CPUwfi
    sysctl.o(i.SysCtlClockSet) refers to sysctl.o(.emb_text) for SysCtlDelay
    sysctl.o(i.SysCtlClockGet) refers to sysctl.o(.constdata) for .constdata
    sysctl.o(i.SysCtlI2SMClkSet) refers to sysctl.o(.constdata) for .constdata
    systick.o(i.SysTickIntRegister) refers to interrupt.o(i.IntRegister) for IntRegister
    systick.o(i.SysTickIntUnregister) refers to interrupt.o(i.IntUnregister) for IntUnregister
    timer.o(i.TimerIntRegister) refers to interrupt.o(i.IntRegister) for IntRegister
    timer.o(i.TimerIntRegister) refers to interrupt.o(i.IntEnable) for IntEnable
    timer.o(i.TimerIntUnregister) refers to interrupt.o(i.IntDisable) for IntDisable
    timer.o(i.TimerIntUnregister) refers to interrupt.o(i.IntUnregister) for IntUnregister
    timer.o(i.TimerQuiesce) refers to interrupt.o(i.IntDisable) for IntDisable
    timer.o(i.TimerQuiesce) refers to interrupt.o(i.IntUnregister) for IntUnregister
    canvas.o(i.CanvasMsgProc) refers to widget.o(i.WidgetDefaultMsgProc) for WidgetDefaultMsgProc
    canvas.o(i.CanvasMsgProc) refers to context.o(i.GrContextInit) for GrContextInit
    canvas.o(i.CanvasMsgProc) refers to context.o(i.GrContextClipRegionSet) for GrContextClipRegionSet
    canvas.o(i.CanvasMsgProc) refers to rectangle.o(i.GrRectFill) for GrRectFill
    canvas.o(i.CanvasMsgProc) refers to rectangle.o(i.GrRectDraw) for GrRectDraw
    canvas.o(i.CanvasMsgProc) refers to image.o(i.GrImageDraw) for GrImageDraw
    canvas.o(i.CanvasMsgProc) refers to string.o(i.GrStringWidthGet) for GrStringWidthGet
    canvas.o(i.CanvasMsgProc) refers to string.o(i.GrStringDraw) for GrStringDraw
    canvas.o(i.CanvasInit) refers to canvas.o(i.CanvasMsgProc) for CanvasMsgProc
    fontcmss22b.o(.constdata) refers to fontcmss22b.o(.constdata) for g_pucCmss22bData
    pushbutton.o(i.RectangularButtonPaint) refers to context.o(i.GrContextInit) for GrContextInit
    pushbutton.o(i.RectangularButtonPaint) refers to context.o(i.GrContextClipRegionSet) for GrContextClipRegionSet
    pushbutton.o(i.RectangularButtonPaint) refers to rectangle.o(i.GrRectFill) for GrRectFill
    pushbutton.o(i.RectangularButtonPaint) refers to rectangle.o(i.GrRectDraw) for GrRectDraw
    pushbutton.o(i.RectangularButtonPaint) refers to image.o(i.GrImageDraw) for GrImageDraw
    pushbutton.o(i.RectangularButtonPaint) refers to string.o(i.GrStringWidthGet) for GrStringWidthGet
    pushbutton.o(i.RectangularButtonPaint) refers to string.o(i.GrStringDraw) for GrStringDraw
    pushbutton.o(i.RectangularButtonMsgProc) refers to pushbutton.o(i.RectangularButtonPaint) for RectangularButtonPaint
    pushbutton.o(i.RectangularButtonMsgProc) refers to widget.o(i.WidgetDefaultMsgProc) for WidgetDefaultMsgProc
    pushbutton.o(i.RectangularButtonInit) refers to pushbutton.o(i.RectangularButtonMsgProc) for RectangularButtonMsgProc
    pushbutton.o(i.CircularButtonPaint) refers to context.o(i.GrContextInit) for GrContextInit
    pushbutton.o(i.CircularButtonPaint) refers to context.o(i.GrContextClipRegionSet) for GrContextClipRegionSet
    pushbutton.o(i.CircularButtonPaint) refers to circle.o(i.GrCircleFill) for GrCircleFill
    pushbutton.o(i.CircularButtonPaint) refers to circle.o(i.GrCircleDraw) for GrCircleDraw
    pushbutton.o(i.CircularButtonPaint) refers to image.o(i.GrImageDraw) for GrImageDraw
    pushbutton.o(i.CircularButtonPaint) refers to string.o(i.GrStringWidthGet) for GrStringWidthGet
    pushbutton.o(i.CircularButtonPaint) refers to string.o(i.GrStringDraw) for GrStringDraw
    pushbutton.o(i.CircularButtonMsgProc) refers to pushbutton.o(i.CircularButtonPaint) for CircularButtonPaint
    pushbutton.o(i.CircularButtonMsgProc) refers to widget.o(i.WidgetDefaultMsgProc) for WidgetDefaultMsgProc
    pushbutton.o(i.CircularButtonInit) refers to pushbutton.o(i.CircularButtonMsgProc) for CircularButtonMsgProc
    widget.o(i.WidgetRemove) refers to widget.o(.data) for .data
    widget.o(i.WidgetMessageSendPostOrder) refers to widget.o(.data) for .data
    widget.o(i.WidgetMessageQueueAdd) refers to widget.o(.emb_text) for WidgetMutexGet
    widget.o(i.WidgetMessageQueueAdd) refers to widget.o(.data) for .data
    widget.o(i.WidgetMessageQueueAdd) refers to widget.o(.bss) for .bss
    widget.o(i.WidgetMessageQueueProcess) refers to widget.o(i.WidgetMessageSendPostOrder) for WidgetMessageSendPostOrder
    widget.o(i.WidgetMessageQueueProcess) refers to widget.o(.data) for .data
    widget.o(i.WidgetMessageQueueProcess) refers to widget.o(.bss) for .bss
    widget.o(i.WidgetPointerMessage) refers to widget.o(i.WidgetMessageQueueAdd) for WidgetMessageQueueAdd
    widget.o(i.WidgetPointerMessage) refers to widget.o(.data) for .data
    widget.o(.data) refers to widget.o(i.WidgetDefaultMsgProc) for WidgetDefaultMsgProc
    circle.o(i.GrCircleFill) refers to line.o(i.GrLineDrawH) for GrLineDrawH
    image.o(i.GrImageDraw) refers to image.o(.bss) for .bss
    rectangle.o(i.GrRectDraw) refers to line.o(i.GrLineDrawH) for GrLineDrawH
    rectangle.o(i.GrRectDraw) refers to line.o(i.GrLineDrawV) for GrLineDrawV
    string.o(i.GrStringDraw) refers to line.o(i.GrLineDrawH) for GrLineDrawH
    string.o(i.GrStringTableSet) refers to string.o(.data) for .data
    string.o(i.GrStringLanguageSet) refers to string.o(.data) for .data
    string.o(i.GrStringGet) refers to string.o(.data) for .data
    entry.o(.ARM.Collect$$$$00000000) refers (Special) to entry7b.o(.ARM.Collect$$$$00000008) for _main_clock
    entry.o(.ARM.Collect$$$$00000000) refers (Special) to entry8.o(.ARM.Collect$$$$00000009) for _main_init
    entry.o(.ARM.Collect$$$$00000000) refers (Special) to entry5.o(.ARM.Collect$$$$00000004) for _main_scatterload
    entry.o(.ARM.Collect$$$$00000000) refers (Special) to entry2.o(.ARM.Collect$$$$00000001) for _main_stk
    rand.o(.text) refers to rand.o(.data) for .data
    entry2.o(.ARM.Collect$$$$00000001) refers to entry2.o(.ARM.Collect$$$$00002712) for __lit__00000000
    entry2.o(.ARM.Collect$$$$00002712) refers to startup.o(STACK) for __initial_sp
    entry2.o(__vectab_stack_and_reset_area) refers to startup.o(STACK) for __initial_sp
    entry2.o(__vectab_stack_and_reset_area) refers to entry.o(.ARM.Collect$$$$00000000) for __main
    entry5.o(.ARM.Collect$$$$00000004) refers to init.o(.text) for __scatterload
    entry8.o(.ARM.Collect$$$$00000009) refers to main.o(.text) for main
    init.o(.text) refers to entry5.o(.ARM.Collect$$$$00000004) for __main_after_scatterload


==============================================================================

Removing Unused input sections from the image.

    Removing startup.o(HEAP), (0 bytes).
    Removing startup.o(.text), (0 bytes).
    Removing adc.o(i.ADCIntRegister), (24 bytes).
    Removing adc.o(i.ADCIntUnregister), (22 bytes).
    Removing adc.o(i.ADCIntDisable), (16 bytes).
    Removing adc.o(i.ADCIntStatus), (52 bytes).
    Removing adc.o(i.ADCIntClear), (10 bytes).
    Removing adc.o(i.ADCSequenceDisable), (16 bytes).
    Removing adc.o(i.ADCSequenceOverflow), (12 bytes).
    Removing adc.o(i.ADCSequenceOverflowClear), (10 bytes).
    Removing adc.o(i.ADCSequenceUnderflow), (12 bytes).
    Removing adc.o(i.ADCSequenceUnderflowClear), (10 bytes).
    Removing adc.o(i.ADCSequenceDataGet), (36 bytes).
    Removing adc.o(i.ADCProcessorTrigger), (10 bytes).
    Removing adc.o(i.ADCSoftwareOversampleConfigure), (24 bytes).
    Removing adc.o(i.ADCSoftwareOversampleStepConfigure), (112 bytes).
    Removing adc.o(i.ADCSoftwareOversampleDataGet), (72 bytes).
    Removing adc.o(i.ADCComparatorConfigure), (10 bytes).
    Removing adc.o(i.ADCComparatorRegionSet), (14 bytes).
    Removing adc.o(i.ADCComparatorReset), (40 bytes).
    Removing adc.o(i.ADCComparatorIntDisable), (18 bytes).
    Removing adc.o(i.ADCComparatorIntEnable), (16 bytes).
    Removing adc.o(i.ADCComparatorIntStatus), (4 bytes).
    Removing adc.o(i.ADCComparatorIntClear), (4 bytes).
    Removing adc.o(.data), (3 bytes).
    Removing epi.o(i.EPINonBlockingReadConfigure), (10 bytes).
    Removing epi.o(i.EPINonBlockingReadStart), (8 bytes).
    Removing epi.o(i.EPINonBlockingReadStop), (10 bytes).
    Removing epi.o(i.EPINonBlockingReadCount), (8 bytes).
    Removing epi.o(i.EPINonBlockingReadAvail), (4 bytes).
    Removing epi.o(i.EPINonBlockingReadGet32), (36 bytes).
    Removing epi.o(i.EPINonBlockingReadGet16), (36 bytes).
    Removing epi.o(i.EPINonBlockingReadGet8), (36 bytes).
    Removing epi.o(i.EPIFIFOConfig), (6 bytes).
    Removing epi.o(i.EPIWriteFIFOCountGet), (6 bytes).
    Removing epi.o(i.EPIIntEnable), (12 bytes).
    Removing epi.o(i.EPIIntDisable), (14 bytes).
    Removing epi.o(i.EPIIntStatus), (14 bytes).
    Removing epi.o(i.EPIIntErrorStatus), (6 bytes).
    Removing epi.o(i.EPIIntErrorClear), (6 bytes).
    Removing epi.o(i.EPIIntRegister), (18 bytes).
    Removing epi.o(i.EPIIntUnregister), (18 bytes).
    Removing gpio.o(i.GPIODirModeGet), (34 bytes).
    Removing gpio.o(i.GPIOIntTypeSet), (58 bytes).
    Removing gpio.o(i.GPIOIntTypeGet), (48 bytes).
    Removing gpio.o(i.GPIOPadConfigGet), (140 bytes).
    Removing gpio.o(i.GPIOPinIntEnable), (12 bytes).
    Removing gpio.o(i.GPIOPinIntDisable), (14 bytes).
    Removing gpio.o(i.GPIOPinIntStatus), (14 bytes).
    Removing gpio.o(i.GPIOPinIntClear), (6 bytes).
    Removing gpio.o(i.GPIOPortIntRegister), (26 bytes).
    Removing gpio.o(i.GPIOPortIntUnregister), (22 bytes).
    Removing gpio.o(i.GPIOPinRead), (6 bytes).
    Removing gpio.o(i.GPIOPinTypeADC), (28 bytes).
    Removing gpio.o(i.GPIOPinTypeCAN), (28 bytes).
    Removing gpio.o(i.GPIOPinTypeComparator), (28 bytes).
    Removing gpio.o(i.GPIOPinTypeGPIOInput), (28 bytes).
    Removing gpio.o(i.GPIOPinTypeGPIOOutputOD), (28 bytes).
    Removing gpio.o(i.GPIOPinTypePWM), (28 bytes).
    Removing gpio.o(i.GPIOPinTypeQEI), (28 bytes).
    Removing gpio.o(i.GPIOPinTypeSSI), (28 bytes).
    Removing gpio.o(i.GPIOPinTypeTimer), (28 bytes).
    Removing gpio.o(i.GPIOPinTypeUART), (28 bytes).
    Removing gpio.o(i.GPIOPinTypeUSBDigital), (28 bytes).
    Removing gpio.o(i.GPIOPinTypeUSBAnalog), (28 bytes).
    Removing gpio.o(i.GPIOPinTypeI2S), (28 bytes).
    Removing gpio.o(i.GPIOPinTypeEthernetLED), (28 bytes).
    Removing gpio.o(i.GPIOPinConfigure), (72 bytes).
    Removing gpio.o(i.GPIOGetIntNumber), (156 bytes).
    Removing gpio.o(.constdata), (72 bytes).
    Removing i2c.o(i.I2CMasterEnable), (10 bytes).
    Removing i2c.o(i.I2CSlaveEnable), (22 bytes).
    Removing i2c.o(i.I2CSlaveInit), (24 bytes).
    Removing i2c.o(i.I2CMasterDisable), (10 bytes).
    Removing i2c.o(i.I2CSlaveDisable), (22 bytes).
    Removing i2c.o(i.I2CIntRegister), (32 bytes).
    Removing i2c.o(i.I2CIntUnregister), (32 bytes).
    Removing i2c.o(i.I2CMasterIntEnable), (6 bytes).
    Removing i2c.o(i.I2CSlaveIntEnable), (10 bytes).
    Removing i2c.o(i.I2CSlaveIntEnableEx), (8 bytes).
    Removing i2c.o(i.I2CMasterIntDisable), (6 bytes).
    Removing i2c.o(i.I2CSlaveIntDisable), (10 bytes).
    Removing i2c.o(i.I2CSlaveIntDisableEx), (10 bytes).
    Removing i2c.o(i.I2CSlaveIntStatus), (24 bytes).
    Removing i2c.o(i.I2CSlaveIntStatusEx), (56 bytes).
    Removing i2c.o(i.I2CSlaveIntClear), (6 bytes).
    Removing i2c.o(i.I2CSlaveIntClearEx), (4 bytes).
    Removing i2c.o(i.I2CMasterBusy), (12 bytes).
    Removing i2c.o(i.I2CMasterBusBusy), (12 bytes).
    Removing i2c.o(i.I2CSlaveStatus), (4 bytes).
    Removing i2c.o(i.I2CSlaveDataPut), (4 bytes).
    Removing i2c.o(i.I2CSlaveDataGet), (4 bytes).
    Removing interrupt.o(i.IntDefaultHandler), (2 bytes).
    Removing interrupt.o(i.IntMasterDisable), (10 bytes).
    Removing interrupt.o(i.IntRegister), (56 bytes).
    Removing interrupt.o(i.IntUnregister), (20 bytes).
    Removing interrupt.o(i.IntPriorityGroupingSet), (28 bytes).
    Removing interrupt.o(i.IntPriorityGroupingGet), (36 bytes).
    Removing interrupt.o(i.IntPrioritySet), (40 bytes).
    Removing interrupt.o(i.IntPriorityGet), (28 bytes).
    Removing interrupt.o(i.IntDisable), (104 bytes).
    Removing interrupt.o(.constdata), (104 bytes).
    Removing interrupt.o(vtable), (280 bytes).
    Removing sysctl.o(i.SysCtlSRAMSizeGet), (20 bytes).
    Removing sysctl.o(i.SysCtlFlashSizeGet), (20 bytes).
    Removing sysctl.o(i.SysCtlPinPresent), (16 bytes).
    Removing sysctl.o(i.SysCtlPeripheralPresent), (60 bytes).
    Removing sysctl.o(i.SysCtlPeripheralReset), (56 bytes).
    Removing sysctl.o(i.SysCtlPeripheralDisable), (32 bytes).
    Removing sysctl.o(i.SysCtlPeripheralSleepEnable), (32 bytes).
    Removing sysctl.o(i.SysCtlPeripheralSleepDisable), (32 bytes).
    Removing sysctl.o(i.SysCtlPeripheralDeepSleepEnable), (32 bytes).
    Removing sysctl.o(i.SysCtlPeripheralDeepSleepDisable), (32 bytes).
    Removing sysctl.o(i.SysCtlPeripheralClockGating), (24 bytes).
    Removing sysctl.o(i.SysCtlIntRegister), (20 bytes).
    Removing sysctl.o(i.SysCtlIntUnregister), (18 bytes).
    Removing sysctl.o(i.SysCtlIntEnable), (16 bytes).
    Removing sysctl.o(i.SysCtlIntDisable), (16 bytes).
    Removing sysctl.o(i.SysCtlIntClear), (12 bytes).
    Removing sysctl.o(i.SysCtlIntStatus), (16 bytes).
    Removing sysctl.o(i.SysCtlLDOSet), (12 bytes).
    Removing sysctl.o(i.SysCtlLDOGet), (12 bytes).
    Removing sysctl.o(i.SysCtlLDOConfigSet), (12 bytes).
    Removing sysctl.o(i.SysCtlReset), (16 bytes).
    Removing sysctl.o(i.SysCtlSleep), (4 bytes).
    Removing sysctl.o(i.SysCtlDeepSleep), (32 bytes).
    Removing sysctl.o(i.SysCtlResetCauseGet), (12 bytes).
    Removing sysctl.o(i.SysCtlResetCauseClear), (16 bytes).
    Removing sysctl.o(i.SysCtlBrownOutConfigSet), (16 bytes).
    Removing sysctl.o(i.SysCtlPWMClockSet), (20 bytes).
    Removing sysctl.o(i.SysCtlPWMClockGet), (24 bytes).
    Removing sysctl.o(i.SysCtlADCSpeedSet), (28 bytes).
    Removing sysctl.o(i.SysCtlADCSpeedGet), (16 bytes).
    Removing sysctl.o(i.SysCtlIOSCVerificationSet), (24 bytes).
    Removing sysctl.o(i.SysCtlMOSCVerificationSet), (24 bytes).
    Removing sysctl.o(i.SysCtlPLLVerificationSet), (24 bytes).
    Removing sysctl.o(i.SysCtlClkVerificationClear), (16 bytes).
    Removing sysctl.o(i.SysCtlGPIOAHBEnable), (16 bytes).
    Removing sysctl.o(i.SysCtlGPIOAHBDisable), (20 bytes).
    Removing sysctl.o(i.SysCtlUSBPLLEnable), (16 bytes).
    Removing sysctl.o(i.SysCtlUSBPLLDisable), (16 bytes).
    Removing sysctl.o(i.SysCtlI2SMClkSet), (216 bytes).
    Removing systick.o(i.SysTickDisable), (14 bytes).
    Removing systick.o(i.SysTickIntRegister), (24 bytes).
    Removing systick.o(i.SysTickIntUnregister), (18 bytes).
    Removing systick.o(i.SysTickIntEnable), (14 bytes).
    Removing systick.o(i.SysTickIntDisable), (14 bytes).
    Removing systick.o(i.SysTickPeriodGet), (10 bytes).
    Removing timer.o(i.TimerDisable), (16 bytes).
    Removing timer.o(i.TimerControlLevel), (22 bytes).
    Removing timer.o(i.TimerControlEvent), (24 bytes).
    Removing timer.o(i.TimerControlStall), (22 bytes).
    Removing timer.o(i.TimerRTCEnable), (10 bytes).
    Removing timer.o(i.TimerRTCDisable), (10 bytes).
    Removing timer.o(i.TimerPrescaleSet), (18 bytes).
    Removing timer.o(i.TimerPrescaleGet), (10 bytes).
    Removing timer.o(i.TimerLoadGet), (10 bytes).
    Removing timer.o(i.TimerValueGet), (10 bytes).
    Removing timer.o(i.TimerMatchSet), (18 bytes).
    Removing timer.o(i.TimerMatchGet), (10 bytes).
    Removing timer.o(i.TimerIntRegister), (94 bytes).
    Removing timer.o(i.TimerIntUnregister), (88 bytes).
    Removing timer.o(i.TimerIntEnable), (8 bytes).
    Removing timer.o(i.TimerIntDisable), (10 bytes).
    Removing timer.o(i.TimerIntStatus), (10 bytes).
    Removing timer.o(i.TimerIntClear), (4 bytes).
    Removing timer.o(i.TimerQuiesce), (126 bytes).
    Removing canvas.o(i.CanvasInit), (72 bytes).
    Removing pushbutton.o(i.RectangularButtonInit), (72 bytes).
    Removing pushbutton.o(i.CircularButtonPaint), (386 bytes).
    Removing pushbutton.o(i.CircularButtonMsgProc), (278 bytes).
    Removing pushbutton.o(i.CircularButtonInit), (72 bytes).
    Removing widget.o(i.WidgetMutexInit), (6 bytes).
    Removing widget.o(i.WidgetMutexPut), (6 bytes).
    Removing widget.o(i.WidgetRemove), (168 bytes).
    Removing widget.o(i.WidgetMessageSendPreOrder), (96 bytes).
    Removing circle.o(i.GrCircleDraw), (484 bytes).
    Removing circle.o(i.GrCircleFill), (294 bytes).
    Removing rectangle.o(i.GrRectOverlapCheck), (56 bytes).
    Removing rectangle.o(i.GrRectIntersectGet), (136 bytes).
    Removing string.o(i.GrStringTableSet), (40 bytes).
    Removing string.o(i.GrStringLanguageSet), (48 bytes).
    Removing string.o(i.GrStringGet), (608 bytes).
    Removing string.o(.data), (20 bytes).
    Removing line.o(i.GrLineDraw), (714 bytes).

185 unused section(s) (total 8119 bytes) removed from the image.

==============================================================================

Image Symbol Table

    Local Symbols

    Symbol Name                              Value     Ov Type        Size  Object(Section)

    RESET                                    0x00000000   Section      632  startup.o(RESET)
    ../../../cmprslib/zerorunl2.c            0x00000000   Number         0  __dczerorl2.o ABSOLUTE
    ../../microlib/init/entry.s              0x00000000   Number         0  entry2.o ABSOLUTE
    ../../microlib/init/entry.s              0x00000000   Number         0  entry.o ABSOLUTE
    ../../microlib/init/entry.s              0x00000000   Number         0  entry5.o ABSOLUTE
    ../../microlib/init/entry.s              0x00000000   Number         0  entry7a.o ABSOLUTE
    ../../microlib/init/entry.s              0x00000000   Number         0  entry7b.o ABSOLUTE
    ../../microlib/init/entry.s              0x00000000   Number         0  entry8.o ABSOLUTE
    ../../microlib/stdlib/rand.c             0x00000000   Number         0  rand.o ABSOLUTE
    1.c                                      0x00000000   Number         0  1.o ABSOLUTE
    2.c                                      0x00000000   Number         0  2.o ABSOLUTE
    Startup.s                                0x00000000   Number         0  startup.o ABSOLUTE
    adc.c                                    0x00000000   Number         0  adc.o ABSOLUTE
    canvas.c                                 0x00000000   Number         0  canvas.o ABSOLUTE
    circle.c                                 0x00000000   Number         0  circle.o ABSOLUTE
    context.c                                0x00000000   Number         0  context.o ABSOLUTE
    cpu.c                                    0x00000000   Number         0  cpu.o ABSOLUTE
    cpu.c                                    0x00000000   Number         0  cpu.o ABSOLUTE
    dc.s                                     0x00000000   Number         0  dc.o ABSOLUTE
    drivers\kitronix320x240x16_ssd2119_8bit.c 0x00000000   Number         0  kitronix320x240x16_ssd2119_8bit.o ABSOLUTE
    drivers\set_pinout.c                     0x00000000   Number         0  set_pinout.o ABSOLUTE
    drivers\touch.c                          0x00000000   Number         0  touch.o ABSOLUTE
    epi.c                                    0x00000000   Number         0  epi.o ABSOLUTE
    fonts\fontcmss22b.c                      0x00000000   Number         0  fontcmss22b.o ABSOLUTE
    gpio.c                                   0x00000000   Number         0  gpio.o ABSOLUTE
    handlers.s                               0x00000000   Number         0  handlers.o ABSOLUTE
    i2c.c                                    0x00000000   Number         0  i2c.o ABSOLUTE
    image.c                                  0x00000000   Number         0  image.o ABSOLUTE
    init.s                                   0x00000000   Number         0  init.o ABSOLUTE
    interrupt.c                              0x00000000   Number         0  interrupt.o ABSOLUTE
    line.c                                   0x00000000   Number         0  line.o ABSOLUTE
    main.c                                   0x00000000   Number         0  main.o ABSOLUTE
    pushbutton.c                             0x00000000   Number         0  pushbutton.o ABSOLUTE
    rectangle.c                              0x00000000   Number         0  rectangle.o ABSOLUTE
    string.c                                 0x00000000   Number         0  string.o ABSOLUTE
    sysctl.c                                 0x00000000   Number         0  sysctl.o ABSOLUTE
    sysctl.c                                 0x00000000   Number         0  sysctl.o ABSOLUTE
    systick.c                                0x00000000   Number         0  systick.o ABSOLUTE
    timer.c                                  0x00000000   Number         0  timer.o ABSOLUTE
    widget.c                                 0x00000000   Number         0  widget.o ABSOLUTE
    widget.c                                 0x00000000   Number         0  widget.o ABSOLUTE
    NmiSR                                    0x00000271   Thumb Code     0  startup.o(RESET)
    FaultISR                                 0x00000273   Thumb Code     0  startup.o(RESET)
    IntDefaultHandler                        0x00000275   Thumb Code     0  startup.o(RESET)
    .ARM.Collect$$$$00000000                 0x00000278   Section        0  entry.o(.ARM.Collect$$$$00000000)
    .ARM.Collect$$$$00000001                 0x00000278   Section        4  entry2.o(.ARM.Collect$$$$00000001)
    .ARM.Collect$$$$00000004                 0x0000027c   Section        4  entry5.o(.ARM.Collect$$$$00000004)
    .ARM.Collect$$$$00000008                 0x00000280   Section        0  entry7b.o(.ARM.Collect$$$$00000008)
    .ARM.Collect$$$$00000009                 0x00000280   Section        8  entry8.o(.ARM.Collect$$$$00000009)
    .ARM.Collect$$$$00002712                 0x00000288   Section        4  entry2.o(.ARM.Collect$$$$00002712)
    __lit__00000000                          0x00000288   Data           4  entry2.o(.ARM.Collect$$$$00002712)
    .emb_text                                0x0000028c   Section        6  sysctl.o(.emb_text)
    .emb_text                                0x00000294   Section       20  widget.o(.emb_text)
    .emb_text                                0x000002a8   Section       20  cpu.o(.emb_text)
    .text                                    0x000002bc   Section        0  main.o(.text)
    .text                                    0x000010ec   Section        0  kitronix320x240x16_ssd2119_8bit.o(.text)
    WriteDataGPIO                            0x000010ed   Thumb Code    62  kitronix320x240x16_ssd2119_8bit.o(.text)
    WriteDataEPI                             0x0000112b   Thumb Code    12  kitronix320x240x16_ssd2119_8bit.o(.text)
    WriteCommandEPI                          0x00001137   Thumb Code    14  kitronix320x240x16_ssd2119_8bit.o(.text)
    WriteCommandGPIO                         0x00001145   Thumb Code    64  kitronix320x240x16_ssd2119_8bit.o(.text)
    InitGPIOLCDInterface                     0x00001185   Thumb Code   150  kitronix320x240x16_ssd2119_8bit.o(.text)
    InitSRAMDaughterLCDInterface             0x0000121b   Thumb Code    64  kitronix320x240x16_ssd2119_8bit.o(.text)
    Kitronix240x320x16_SD60154PixelDraw      0x000015f9   Thumb Code    68  kitronix320x240x16_ssd2119_8bit.o(.text)
    Kitronix240x320x16_SD60154PixelDrawMultiple 0x0000163d   Thumb Code   364  kitronix320x240x16_ssd2119_8bit.o(.text)
    Kitronix240x320x16_SD60154LineDrawH      0x000017a9   Thumb Code    98  kitronix320x240x16_ssd2119_8bit.o(.text)
    Kitronix240x320x16_SD60154LineDrawV      0x0000180b   Thumb Code    98  kitronix320x240x16_ssd2119_8bit.o(.text)
    Kitronix240x320x16_SD60154RectFill       0x0000186d   Thumb Code   286  kitronix320x240x16_ssd2119_8bit.o(.text)
    Kitronix240x320x16_SD60154ColorTranslate 0x0000198b   Thumb Code    24  kitronix320x240x16_ssd2119_8bit.o(.text)
    Kitronix240x320x16_SD60154Flush          0x000019a3   Thumb Code     2  kitronix320x240x16_ssd2119_8bit.o(.text)
    .text                                    0x000019ac   Section        0  set_pinout.o(.text)
    EEPROMReadPolled                         0x000019ad   Thumb Code   166  set_pinout.o(.text)
    DaughterBoardTypeGet                     0x00001a53   Thumb Code   118  set_pinout.o(.text)
    EPIDividerFromRate                       0x00001ac9   Thumb Code    52  set_pinout.o(.text)
    CalcEPIDivider                           0x00001afd   Thumb Code    56  set_pinout.o(.text)
    HB8ConfigGet                             0x00001b35   Thumb Code   160  set_pinout.o(.text)
    SDRAMConfigGet                           0x00001bd5   Thumb Code    64  set_pinout.o(.text)
    EPIPinConfigSet                          0x00001c15   Thumb Code   270  set_pinout.o(.text)
    PortControlSet                           0x00001d23   Thumb Code   240  set_pinout.o(.text)
    .text                                    0x00001e90   Section        0  touch.o(.text)
    TouchScreenDebouncer                     0x00001e91   Thumb Code   436  touch.o(.text)
    .text                                    0x0000232c   Section        0  rand.o(.text)
    .text                                    0x00002350   Section       36  init.o(.text)
    .text                                    0x00002374   Section        0  __dczerorl2.o(.text)
    i.ADCHardwareOversampleConfigure         0x000023d0   Section        0  adc.o(i.ADCHardwareOversampleConfigure)
    i.ADCIntEnable                           0x000023de   Section        0  adc.o(i.ADCIntEnable)
    i.ADCSequenceConfigure                   0x000023ee   Section        0  adc.o(i.ADCSequenceConfigure)
    i.ADCSequenceEnable                      0x00002420   Section        0  adc.o(i.ADCSequenceEnable)
    i.ADCSequenceStepConfigure               0x0000242e   Section        0  adc.o(i.ADCSequenceStepConfigure)
    i.CanvasMsgProc                          0x0000249c   Section        0  canvas.o(i.CanvasMsgProc)
    i.EPIAddressMapSet                       0x00002646   Section        0  epi.o(i.EPIAddressMapSet)
    i.EPIConfigGPModeSet                     0x0000264a   Section        0  epi.o(i.EPIConfigGPModeSet)
    i.EPIConfigHB8Set                        0x0000266c   Section        0  epi.o(i.EPIConfigHB8Set)
    i.EPIConfigSDRAMSet                      0x0000269a   Section        0  epi.o(i.EPIConfigSDRAMSet)
    i.EPIDividerSet                          0x000026b2   Section        0  epi.o(i.EPIDividerSet)
    i.EPIModeSet                             0x000026b6   Section        0  epi.o(i.EPIModeSet)
    i.GPIODirModeSet                         0x000026ba   Section        0  gpio.o(i.GPIODirModeSet)
    i.GPIOPadConfigSet                       0x000026e2   Section        0  gpio.o(i.GPIOPadConfigSet)
    i.GPIOPinTypeGPIOOutput                  0x00002792   Section        0  gpio.o(i.GPIOPinTypeGPIOOutput)
    i.GPIOPinTypeI2C                         0x000027ae   Section        0  gpio.o(i.GPIOPinTypeI2C)
    i.GPIOPinWrite                           0x000027ca   Section        0  gpio.o(i.GPIOPinWrite)
    i.GrContextClipRegionSet                 0x000027d0   Section        0  context.o(i.GrContextClipRegionSet)
    i.GrContextInit                          0x00002840   Section        0  context.o(i.GrContextInit)
    i.GrImageDraw                            0x00002860   Section        0  image.o(i.GrImageDraw)
    i.GrLineDrawH                            0x00002b38   Section        0  line.o(i.GrLineDrawH)
    i.GrLineDrawV                            0x00002b90   Section        0  line.o(i.GrLineDrawV)
    i.GrRectDraw                             0x00002be8   Section        0  rectangle.o(i.GrRectDraw)
    i.GrRectFill                             0x00002c54   Section        0  rectangle.o(i.GrRectFill)
    i.GrStringDraw                           0x00002d00   Section        0  string.o(i.GrStringDraw)
    i.GrStringWidthGet                       0x00002fa6   Section        0  string.o(i.GrStringWidthGet)
    i.I2CMasterControl                       0x00002fe8   Section        0  i2c.o(i.I2CMasterControl)
    i.I2CMasterDataGet                       0x00002fec   Section        0  i2c.o(i.I2CMasterDataGet)
    i.I2CMasterDataPut                       0x00002ff0   Section        0  i2c.o(i.I2CMasterDataPut)
    i.I2CMasterErr                           0x00002ff4   Section        0  i2c.o(i.I2CMasterErr)
    i.I2CMasterInitExpClk                    0x0000300c   Section        0  i2c.o(i.I2CMasterInitExpClk)
    i.I2CMasterIntClear                      0x0000303c   Section        0  i2c.o(i.I2CMasterIntClear)
    i.I2CMasterIntStatus                     0x00003044   Section        0  i2c.o(i.I2CMasterIntStatus)
    i.I2CMasterSlaveAddrSet                  0x0000305c   Section        0  i2c.o(i.I2CMasterSlaveAddrSet)
    i.IntEnable                              0x00003064   Section        0  interrupt.o(i.IntEnable)
    i.IntMasterEnable                        0x000030cc   Section        0  interrupt.o(i.IntMasterEnable)
    i.RectangularButtonMsgProc               0x000030d6   Section        0  pushbutton.o(i.RectangularButtonMsgProc)
    i.RectangularButtonPaint                 0x0000320c   Section        0  pushbutton.o(i.RectangularButtonPaint)
    RectangularButtonPaint                   0x0000320d   Thumb Code   398  pushbutton.o(i.RectangularButtonPaint)
    i.SysCtlClockGet                         0x0000339c   Section      480  sysctl.o(i.SysCtlClockGet)
    i.SysCtlClockSet                         0x0000357c   Section      312  sysctl.o(i.SysCtlClockSet)
    i.SysCtlPeripheralEnable                 0x000036b4   Section       32  sysctl.o(i.SysCtlPeripheralEnable)
    i.SysTickEnable                          0x000036d4   Section        0  systick.o(i.SysTickEnable)
    i.SysTickPeriodSet                       0x000036e2   Section        0  systick.o(i.SysTickPeriodSet)
    i.SysTickValueGet                        0x000036ec   Section        0  systick.o(i.SysTickValueGet)
    i.TimerConfigure                         0x000036f4   Section        0  timer.o(i.TimerConfigure)
    i.TimerControlTrigger                    0x00003710   Section        0  timer.o(i.TimerControlTrigger)
    i.TimerEnable                            0x00003726   Section        0  timer.o(i.TimerEnable)
    i.TimerLoadSet                           0x00003734   Section        0  timer.o(i.TimerLoadSet)
    i.WidgetAdd                              0x00003746   Section       38  widget.o(i.WidgetAdd)
    i.WidgetDefaultMsgProc                   0x0000376c   Section        4  widget.o(i.WidgetDefaultMsgProc)
    i.WidgetMessageQueueAdd                  0x00003770   Section      232  widget.o(i.WidgetMessageQueueAdd)
    i.WidgetMessageQueueProcess              0x00003858   Section      188  widget.o(i.WidgetMessageQueueProcess)
    i.WidgetMessageSendPostOrder             0x00003914   Section      208  widget.o(i.WidgetMessageSendPostOrder)
    i.WidgetPointerMessage                   0x000039e4   Section       32  widget.o(i.WidgetPointerMessage)
    i.__scatterload_copy                     0x00003a04   Section       14  handlers.o(i.__scatterload_copy)
    i.__scatterload_null                     0x00003a12   Section        2  handlers.o(i.__scatterload_null)
    i.__scatterload_zeroinit                 0x00003a14   Section       14  handlers.o(i.__scatterload_zeroinit)
    .constdata                               0x00003a24   Section       40  kitronix320x240x16_ssd2119_8bit.o(.constdata)
    .constdata                               0x00003a4c   Section      132  set_pinout.o(.constdata)
    g_psEPIPinInfo                           0x00003a70   Data          96  set_pinout.o(.constdata)
    .constdata                               0x00003ad0   Section       56  touch.o(.constdata)
    .constdata                               0x00003b08   Section     3153  1.o(.constdata)
    .constdata                               0x00004759   Section     3057  2.o(.constdata)
    .constdata                               0x0000534c   Section      156  sysctl.o(.constdata)
    g_pulDCRegs                              0x0000534c   Data          16  sysctl.o(.constdata)
    g_pulSRCRRegs                            0x0000535c   Data          12  sysctl.o(.constdata)
    g_pulRCGCRegs                            0x00005368   Data          12  sysctl.o(.constdata)
    g_pulSCGCRegs                            0x00005374   Data          12  sysctl.o(.constdata)
    g_pulDCGCRegs                            0x00005380   Data          12  sysctl.o(.constdata)
    g_pulXtals                               0x0000538c   Data          92  sysctl.o(.constdata)
    .constdata                               0x000053e8   Section     2334  fontcmss22b.o(.constdata)
    g_pucCmss22bData                         0x000053e8   Data        2334  fontcmss22b.o(.constdata)
    .constdata                               0x00005d08   Section      200  fontcmss22b.o(.constdata)
    .conststring                             0x00005dd0   Section       18  main.o(.conststring)
    .data                                    0x20000000   Section      832  main.o(.data)
    .data                                    0x20000340   Section        8  kitronix320x240x16_ssd2119_8bit.o(.data)
    .data                                    0x20000348   Section        2  set_pinout.o(.data)
    .data                                    0x2000034c   Section       20  touch.o(.data)
    g_cState                                 0x2000034e   Data           1  touch.o(.data)
    g_cIndex                                 0x2000034f   Data           1  touch.o(.data)
    g_ulTSState                              0x20000354   Data           4  touch.o(.data)
    g_pfnTSHandler                           0x2000035c   Data           4  touch.o(.data)
    .data                                    0x20000360   Section       48  widget.o(.data)
    g_ucMQMutex                              0x20000360   Data           1  widget.o(.data)
    g_pPointerWidget                         0x20000364   Data           4  widget.o(.data)
    g_ulMQRead                               0x20000368   Data           4  widget.o(.data)
    g_ulMQWrite                              0x2000036c   Data           4  widget.o(.data)
    .data                                    0x20000390   Section        4  rand.o(.data)
    _rand_state                              0x20000390   Data           4  rand.o(.data)
    .bss                                     0x20000394   Section       16  touch.o(.bss)
    g_psSamples                              0x20000394   Data          16  touch.o(.bss)
    .bss                                     0x200003a4   Section      320  widget.o(.bss)
    g_pMQ                                    0x200003a4   Data         320  widget.o(.bss)
    .bss                                     0x200004e4   Section       32  image.o(.bss)
    g_pucDictionary                          0x200004e4   Data          32  image.o(.bss)
    STACK                                    0x20000508   Section    12288  startup.o(STACK)
    StackMem                                 0x20000508   Data           0  startup.o(STACK)

    Global Symbols

    Symbol Name                              Value     Ov Type        Size  Object(Section)

    BuildAttributes$$THM_ISAv4$P$D$K$B$S$PE$A:L22UL41UL21$X:L11$S22US41US21$IEEE1$IW$USESV6$~STKCKD$USESV7$~SHL$OTIME$EBA8$MICROLIB$REQ8$PRES8$EABIv2 0x00000000   Number         0  anon$$obj.o ABSOLUTE
    __ARM_use_no_argv                        0x00000000   Number         0  main.o ABSOLUTE
    __Vectors                                0x00000000   Data           0  startup.o(RESET)
    _clock_init                               - Undefined Weak Reference
    Reset_Handler                            0x0000026d   Thumb Code     0  startup.o(RESET)
    __main                                   0x00000279   Thumb Code     0  entry.o(.ARM.Collect$$$$00000000)
    _main_stk                                0x00000279   Thumb Code     0  entry2.o(.ARM.Collect$$$$00000001)
    _main_scatterload                        0x0000027d   Thumb Code     0  entry5.o(.ARM.Collect$$$$00000004)
    __main_after_scatterload                 0x00000281   Thumb Code     0  entry5.o(.ARM.Collect$$$$00000004)
    _main_clock                              0x00000281   Thumb Code     0  entry7b.o(.ARM.Collect$$$$00000008)
    _main_init                               0x00000281   Thumb Code     0  entry8.o(.ARM.Collect$$$$00000009)
    SysCtlDelay                              0x0000028d   Thumb Code     6  sysctl.o(.emb_text)
    WidgetMutexGet                           0x00000295   Thumb Code    20  widget.o(.emb_text)
    CPUcpsid                                 0x000002a9   Thumb Code     8  cpu.o(.emb_text)
    CPUcpsie                                 0x000002b1   Thumb Code     8  cpu.o(.emb_text)
    CPUwfi                                   0x000002b9   Thumb Code     4  cpu.o(.emb_text)
    OnButtonPress1                           0x000002bd   Thumb Code   132  main.o(.text)
    OnButtonPress2                           0x00000341   Thumb Code   132  main.o(.text)
    Delay                                    0x000003c5   Thumb Code    16  main.o(.text)
    SpeedUP                                  0x000003d5   Thumb Code   164  main.o(.text)
    RUN                                      0x00000479   Thumb Code  2904  main.o(.text)
    main                                     0x00000fd1   Thumb Code   206  main.o(.text)
    Kitronix320x240x16_SSD2119Init           0x0000125b   Thumb Code   926  kitronix320x240x16_ssd2119_8bit.o(.text)
    PinoutSet                                0x00001e13   Thumb Code   100  set_pinout.o(.text)
    TouchScreenIntHandler                    0x00002045   Thumb Code   388  touch.o(.text)
    TouchScreenInit                          0x000021c9   Thumb Code   332  touch.o(.text)
    TouchScreenCallbackSet                   0x00002315   Thumb Code     6  touch.o(.text)
    rand                                     0x0000232d   Thumb Code    20  rand.o(.text)
    srand                                    0x00002341   Thumb Code     6  rand.o(.text)
    __scatterload                            0x00002351   Thumb Code    28  init.o(.text)
    __scatterload_rt2                        0x00002351   Thumb Code     0  init.o(.text)
    __decompress                             0x00002375   Thumb Code     0  __dczerorl2.o(.text)
    __decompress1                            0x00002375   Thumb Code    92  __dczerorl2.o(.text)
    ADCHardwareOversampleConfigure           0x000023d1   Thumb Code    14  adc.o(i.ADCHardwareOversampleConfigure)
    ADCIntEnable                             0x000023df   Thumb Code    16  adc.o(i.ADCIntEnable)
    ADCSequenceConfigure                     0x000023ef   Thumb Code    50  adc.o(i.ADCSequenceConfigure)
    ADCSequenceEnable                        0x00002421   Thumb Code    14  adc.o(i.ADCSequenceEnable)
    ADCSequenceStepConfigure                 0x0000242f   Thumb Code   110  adc.o(i.ADCSequenceStepConfigure)
    CanvasMsgProc                            0x0000249d   Thumb Code   426  canvas.o(i.CanvasMsgProc)
    EPIAddressMapSet                         0x00002647   Thumb Code     4  epi.o(i.EPIAddressMapSet)
    EPIConfigGPModeSet                       0x0000264b   Thumb Code    34  epi.o(i.EPIConfigGPModeSet)
    EPIConfigHB8Set                          0x0000266d   Thumb Code    46  epi.o(i.EPIConfigHB8Set)
    EPIConfigSDRAMSet                        0x0000269b   Thumb Code    24  epi.o(i.EPIConfigSDRAMSet)
    EPIDividerSet                            0x000026b3   Thumb Code     4  epi.o(i.EPIDividerSet)
    EPIModeSet                               0x000026b7   Thumb Code     4  epi.o(i.EPIModeSet)
    GPIODirModeSet                           0x000026bb   Thumb Code    40  gpio.o(i.GPIODirModeSet)
    GPIOPadConfigSet                         0x000026e3   Thumb Code   176  gpio.o(i.GPIOPadConfigSet)
    GPIOPinTypeGPIOOutput                    0x00002793   Thumb Code    28  gpio.o(i.GPIOPinTypeGPIOOutput)
    GPIOPinTypeI2C                           0x000027af   Thumb Code    28  gpio.o(i.GPIOPinTypeI2C)
    GPIOPinWrite                             0x000027cb   Thumb Code     6  gpio.o(i.GPIOPinWrite)
    GrContextClipRegionSet                   0x000027d1   Thumb Code   112  context.o(i.GrContextClipRegionSet)
    GrContextInit                            0x00002841   Thumb Code    32  context.o(i.GrContextInit)
    GrImageDraw                              0x00002861   Thumb Code   724  image.o(i.GrImageDraw)
    GrLineDrawH                              0x00002b39   Thumb Code    88  line.o(i.GrLineDrawH)
    GrLineDrawV                              0x00002b91   Thumb Code    88  line.o(i.GrLineDrawV)
    GrRectDraw                               0x00002be9   Thumb Code   108  rectangle.o(i.GrRectDraw)
    GrRectFill                               0x00002c55   Thumb Code   172  rectangle.o(i.GrRectFill)
    GrStringDraw                             0x00002d01   Thumb Code   678  string.o(i.GrStringDraw)
    GrStringWidthGet                         0x00002fa7   Thumb Code    66  string.o(i.GrStringWidthGet)
    I2CMasterControl                         0x00002fe9   Thumb Code     4  i2c.o(i.I2CMasterControl)
    I2CMasterDataGet                         0x00002fed   Thumb Code     4  i2c.o(i.I2CMasterDataGet)
    I2CMasterDataPut                         0x00002ff1   Thumb Code     4  i2c.o(i.I2CMasterDataPut)
    I2CMasterErr                             0x00002ff5   Thumb Code    24  i2c.o(i.I2CMasterErr)
    I2CMasterInitExpClk                      0x0000300d   Thumb Code    40  i2c.o(i.I2CMasterInitExpClk)
    I2CMasterIntClear                        0x0000303d   Thumb Code     8  i2c.o(i.I2CMasterIntClear)
    I2CMasterIntStatus                       0x00003045   Thumb Code    24  i2c.o(i.I2CMasterIntStatus)
    I2CMasterSlaveAddrSet                    0x0000305d   Thumb Code     8  i2c.o(i.I2CMasterSlaveAddrSet)
    IntEnable                                0x00003065   Thumb Code   104  interrupt.o(i.IntEnable)
    IntMasterEnable                          0x000030cd   Thumb Code    10  interrupt.o(i.IntMasterEnable)
    RectangularButtonMsgProc                 0x000030d7   Thumb Code   310  pushbutton.o(i.RectangularButtonMsgProc)
    SysCtlClockGet                           0x0000339d   Thumb Code   436  sysctl.o(i.SysCtlClockGet)
    SysCtlClockSet                           0x0000357d   Thumb Code   288  sysctl.o(i.SysCtlClockSet)
    SysCtlPeripheralEnable                   0x000036b5   Thumb Code    26  sysctl.o(i.SysCtlPeripheralEnable)
    SysTickEnable                            0x000036d5   Thumb Code    14  systick.o(i.SysTickEnable)
    SysTickPeriodSet                         0x000036e3   Thumb Code    10  systick.o(i.SysTickPeriodSet)
    SysTickValueGet                          0x000036ed   Thumb Code     8  systick.o(i.SysTickValueGet)
    TimerConfigure                           0x000036f5   Thumb Code    28  timer.o(i.TimerConfigure)
    TimerControlTrigger                      0x00003711   Thumb Code    22  timer.o(i.TimerControlTrigger)
    TimerEnable                              0x00003727   Thumb Code    14  timer.o(i.TimerEnable)
    TimerLoadSet                             0x00003735   Thumb Code    18  timer.o(i.TimerLoadSet)
    WidgetAdd                                0x00003747   Thumb Code    38  widget.o(i.WidgetAdd)
    WidgetDefaultMsgProc                     0x0000376d   Thumb Code     4  widget.o(i.WidgetDefaultMsgProc)
    WidgetMessageQueueAdd                    0x00003771   Thumb Code   222  widget.o(i.WidgetMessageQueueAdd)
    WidgetMessageQueueProcess                0x00003859   Thumb Code   180  widget.o(i.WidgetMessageQueueProcess)
    WidgetMessageSendPostOrder               0x00003915   Thumb Code   198  widget.o(i.WidgetMessageSendPostOrder)
    WidgetPointerMessage                     0x000039e5   Thumb Code    26  widget.o(i.WidgetPointerMessage)
    __scatterload_copy                       0x00003a05   Thumb Code    14  handlers.o(i.__scatterload_copy)
    __scatterload_null                       0x00003a13   Thumb Code     2  handlers.o(i.__scatterload_null)
    __scatterload_zeroinit                   0x00003a15   Thumb Code    14  handlers.o(i.__scatterload_zeroinit)
    g_sKitronix320x240x16_SSD2119            0x00003a24   Data          40  kitronix320x240x16_ssd2119_8bit.o(.constdata)
    g_pulGPIOBase                            0x00003a4c   Data          36  set_pinout.o(.constdata)
    g_lTouchParameters                       0x00003ad0   Data          56  touch.o(.constdata)
    g_pucImage1                              0x00003b08   Data        3153  1.o(.constdata)
    g_pucImage2                              0x00004759   Data        3057  2.o(.constdata)
    g_sFontCmss22b                           0x00005d08   Data         200  fontcmss22b.o(.constdata)
    Region$$Table$$Base                      0x00005de4   Number         0  anon$$obj.o(Region$$Table)
    Region$$Table$$Limit                     0x00005e04   Number         0  anon$$obj.o(Region$$Table)
    w                                        0x20000000   Data           4  main.o(.data)
    k                                        0x20000004   Data           4  main.o(.data)
    flag                                     0x20000008   Data           4  main.o(.data)
    DelayTime                                0x2000000c   Data           4  main.o(.data)
    t                                        0x20000010   Data           2  main.o(.data)
    goleft                                   0x20000014   Data          80  main.o(.data)
    goright                                  0x20000064   Data          80  main.o(.data)
    z1                                       0x200000b4   Data          64  main.o(.data)
    z2                                       0x200000f4   Data          64  main.o(.data)
    z3                                       0x20000134   Data          64  main.o(.data)
    y1                                       0x20000174   Data          64  main.o(.data)
    y2                                       0x200001b4   Data          64  main.o(.data)
    y3                                       0x200001f4   Data          64  main.o(.data)
    c1                                       0x20000234   Data          64  main.o(.data)
    c2                                       0x20000274   Data          64  main.o(.data)
    score                                    0x200002b4   Data          64  main.o(.data)
    fenshu                                   0x200002f4   Data          64  main.o(.data)
    seed                                     0x20000334   Data           4  main.o(.data)
    a                                        0x20000338   Data           4  main.o(.data)
    ulLoop                                   0x2000033c   Data           4  main.o(.data)
    WriteData                                0x20000340   Data           4  kitronix320x240x16_ssd2119_8bit.o(.data)
    WriteCommand                             0x20000344   Data           4  kitronix320x240x16_ssd2119_8bit.o(.data)
    g_eDaughterType                          0x20000348   Data           2  set_pinout.o(.data)
    g_sTouchMin                              0x2000034c   Data           2  touch.o(.data)
    g_plParmSet                              0x20000350   Data           4  touch.o(.data)
    g_sTouchX                                0x20000358   Data           2  touch.o(.data)
    g_sTouchY                                0x2000035a   Data           2  touch.o(.data)
    g_sRoot                                  0x20000370   Data          32  widget.o(.data)
    __initial_sp                             0x20003508   Data           0  startup.o(STACK)



==============================================================================

Memory Map of the image

  Image Entry point : 0x00000279

  Load Region LR_IROM1 (Base: 0x00000000, Size: 0x00006198, Max: 0x00040000, ABSOLUTE, COMPRESSED[0x00005ee0])

    Execution Region ER_IROM1 (Base: 0x00000000, Size: 0x00005e04, Max: 0x00040000, ABSOLUTE)

    Base Addr    Size         Type   Attr      Idx    E Section Name        Object

    0x00000000   0x00000278   Code   RO            3    RESET               startup.o
    0x00000278   0x00000000   Code   RO         2111  * .ARM.Collect$$$$00000000  mc_w.l(entry.o)
    0x00000278   0x00000004   Code   RO         2117    .ARM.Collect$$$$00000001  mc_w.l(entry2.o)
    0x0000027c   0x00000004   Code   RO         2120    .ARM.Collect$$$$00000004  mc_w.l(entry5.o)
    0x00000280   0x00000000   Code   RO         2122    .ARM.Collect$$$$00000008  mc_w.l(entry7b.o)
    0x00000280   0x00000008   Code   RO         2123    .ARM.Collect$$$$00000009  mc_w.l(entry8.o)
    0x00000288   0x00000004   Code   RO         2118    .ARM.Collect$$$$00002712  mc_w.l(entry2.o)
    0x0000028c   0x00000006   Code   RO         1164    .emb_text           driverlib.lib(sysctl.o)
    0x00000292   0x00000002   PAD
    0x00000294   0x00000014   Code   RO         1832    .emb_text           grlib.lib(widget.o)
    0x000002a8   0x00000014   Code   RO         1922    .emb_text           driverlib.lib(cpu.o)
    0x000002bc   0x00000e30   Code   RO            9    .text               main.o
    0x000010ec   0x000008c0   Code   RO           75    .text               kitronix320x240x16_ssd2119_8bit.o
    0x000019ac   0x000004e4   Code   RO          129    .text               set_pinout.o
    0x00001e90   0x0000049c   Code   RO          154    .text               touch.o
    0x0000232c   0x00000024   Code   RO         2114    .text               mc_w.l(rand.o)
    0x00002350   0x00000024   Code   RO         2124    .text               mc_w.l(init.o)
    0x00002374   0x0000005c   Code   RO         2134    .text               mc_w.l(__dczerorl2.o)
    0x000023d0   0x0000000e   Code   RO          228    i.ADCHardwareOversampleConfigure  driverlib.lib(adc.o)
    0x000023de   0x00000010   Code   RO          212    i.ADCIntEnable      driverlib.lib(adc.o)
    0x000023ee   0x00000032   Code   RO          217    i.ADCSequenceConfigure  driverlib.lib(adc.o)
    0x00002420   0x0000000e   Code   RO          215    i.ADCSequenceEnable  driverlib.lib(adc.o)
    0x0000242e   0x0000006e   Code   RO          218    i.ADCSequenceStepConfigure  driverlib.lib(adc.o)
    0x0000249c   0x000001aa   Code   RO         1722    i.CanvasMsgProc     grlib.lib(canvas.o)
    0x00002646   0x00000004   Code   RO          434    i.EPIAddressMapSet  driverlib.lib(epi.o)
    0x0000264a   0x00000022   Code   RO          433    i.EPIConfigGPModeSet  driverlib.lib(epi.o)
    0x0000266c   0x0000002e   Code   RO          432    i.EPIConfigHB8Set   driverlib.lib(epi.o)
    0x0000269a   0x00000018   Code   RO          431    i.EPIConfigSDRAMSet  driverlib.lib(epi.o)
    0x000026b2   0x00000004   Code   RO          430    i.EPIDividerSet     driverlib.lib(epi.o)
    0x000026b6   0x00000004   Code   RO          429    i.EPIModeSet        driverlib.lib(epi.o)
    0x000026ba   0x00000028   Code   RO          602    i.GPIODirModeSet    driverlib.lib(gpio.o)
    0x000026e2   0x000000b0   Code   RO          606    i.GPIOPadConfigSet  driverlib.lib(gpio.o)
    0x00002792   0x0000001c   Code   RO          620    i.GPIOPinTypeGPIOOutput  driverlib.lib(gpio.o)
    0x000027ae   0x0000001c   Code   RO          622    i.GPIOPinTypeI2C    driverlib.lib(gpio.o)
    0x000027ca   0x00000006   Code   RO          615    i.GPIOPinWrite      driverlib.lib(gpio.o)
    0x000027d0   0x00000070   Code   RO         1960    i.GrContextClipRegionSet  grlib.lib(context.o)
    0x00002840   0x00000020   Code   RO         1959    i.GrContextInit     grlib.lib(context.o)
    0x00002860   0x000002d8   Code   RO         1983    i.GrImageDraw       grlib.lib(image.o)
    0x00002b38   0x00000058   Code   RO         2083    i.GrLineDrawH       grlib.lib(line.o)
    0x00002b90   0x00000058   Code   RO         2084    i.GrLineDrawV       grlib.lib(line.o)
    0x00002be8   0x0000006c   Code   RO         1999    i.GrRectDraw        grlib.lib(rectangle.o)
    0x00002c54   0x000000ac   Code   RO         2000    i.GrRectFill        grlib.lib(rectangle.o)
    0x00002d00   0x000002a6   Code   RO         2040    i.GrStringDraw      grlib.lib(string.o)
    0x00002fa6   0x00000042   Code   RO         2039    i.GrStringWidthGet  grlib.lib(string.o)
    0x00002fe8   0x00000004   Code   RO          866    i.I2CMasterControl  driverlib.lib(i2c.o)
    0x00002fec   0x00000004   Code   RO          869    i.I2CMasterDataGet  driverlib.lib(i2c.o)
    0x00002ff0   0x00000004   Code   RO          868    i.I2CMasterDataPut  driverlib.lib(i2c.o)
    0x00002ff4   0x00000018   Code   RO          867    i.I2CMasterErr      driverlib.lib(i2c.o)
    0x0000300c   0x00000030   Code   RO          844    i.I2CMasterInitExpClk  driverlib.lib(i2c.o)
    0x0000303c   0x00000008   Code   RO          860    i.I2CMasterIntClear  driverlib.lib(i2c.o)
    0x00003044   0x00000018   Code   RO          857    i.I2CMasterIntStatus  driverlib.lib(i2c.o)
    0x0000305c   0x00000008   Code   RO          863    i.I2CMasterSlaveAddrSet  driverlib.lib(i2c.o)
    0x00003064   0x00000068   Code   RO         1078    i.IntEnable         driverlib.lib(interrupt.o)
    0x000030cc   0x0000000a   Code   RO         1070    i.IntMasterEnable   driverlib.lib(interrupt.o)
    0x000030d6   0x00000136   Code   RO         1774    i.RectangularButtonMsgProc  grlib.lib(pushbutton.o)
    0x0000320c   0x0000018e   Code   RO         1773    i.RectangularButtonPaint  grlib.lib(pushbutton.o)
    0x0000339a   0x00000002   PAD
    0x0000339c   0x000001e0   Code   RO         1193    i.SysCtlClockGet    driverlib.lib(sysctl.o)
    0x0000357c   0x00000138   Code   RO         1192    i.SysCtlClockSet    driverlib.lib(sysctl.o)
    0x000036b4   0x00000020   Code   RO         1170    i.SysCtlPeripheralEnable  driverlib.lib(sysctl.o)
    0x000036d4   0x0000000e   Code   RO         1475    i.SysTickEnable     driverlib.lib(systick.o)
    0x000036e2   0x0000000a   Code   RO         1481    i.SysTickPeriodSet  driverlib.lib(systick.o)
    0x000036ec   0x00000008   Code   RO         1483    i.SysTickValueGet   driverlib.lib(systick.o)
    0x000036f4   0x0000001c   Code   RO         1549    i.TimerConfigure    driverlib.lib(timer.o)
    0x00003710   0x00000016   Code   RO         1551    i.TimerControlTrigger  driverlib.lib(timer.o)
    0x00003726   0x0000000e   Code   RO         1547    i.TimerEnable       driverlib.lib(timer.o)
    0x00003734   0x00000012   Code   RO         1558    i.TimerLoadSet      driverlib.lib(timer.o)
    0x00003746   0x00000026   Code   RO         1836    i.WidgetAdd         grlib.lib(widget.o)
    0x0000376c   0x00000004   Code   RO         1835    i.WidgetDefaultMsgProc  grlib.lib(widget.o)
    0x00003770   0x000000e8   Code   RO         1840    i.WidgetMessageQueueAdd  grlib.lib(widget.o)
    0x00003858   0x000000bc   Code   RO         1841    i.WidgetMessageQueueProcess  grlib.lib(widget.o)
    0x00003914   0x000000d0   Code   RO         1839    i.WidgetMessageSendPostOrder  grlib.lib(widget.o)
    0x000039e4   0x00000020   Code   RO         1842    i.WidgetPointerMessage  grlib.lib(widget.o)
    0x00003a04   0x0000000e   Code   RO         2128    i.__scatterload_copy  mc_w.l(handlers.o)
    0x00003a12   0x00000002   Code   RO         2129    i.__scatterload_null  mc_w.l(handlers.o)
    0x00003a14   0x0000000e   Code   RO         2130    i.__scatterload_zeroinit  mc_w.l(handlers.o)
    0x00003a22   0x00000002   PAD
    0x00003a24   0x00000028   Data   RO           76    .constdata          kitronix320x240x16_ssd2119_8bit.o
    0x00003a4c   0x00000084   Data   RO          130    .constdata          set_pinout.o
    0x00003ad0   0x00000038   Data   RO          156    .constdata          touch.o
    0x00003b08   0x00000c51   Data   RO          191    .constdata          1.o
    0x00004759   0x00000bf1   Data   RO          200    .constdata          2.o
    0x0000534a   0x00000002   PAD
    0x0000534c   0x0000009c   Data   RO         1207    .constdata          driverlib.lib(sysctl.o)
    0x000053e8   0x0000091e   Data   RO         1758    .constdata          grlib.lib(fontcmss22b.o)
    0x00005d06   0x00000002   PAD
    0x00005d08   0x000000c8   Data   RO         1759    .constdata          grlib.lib(fontcmss22b.o)
    0x00005dd0   0x00000012   Data   RO           10    .conststring        main.o
    0x00005de2   0x00000002   PAD
    0x00005de4   0x00000020   Data   RO         2126    Region$$Table       anon$$obj.o


    Execution Region RW_IRAM1 (Base: 0x20000000, Size: 0x00003508, Max: 0x00018000, ABSOLUTE, COMPRESSED[0x000000dc])

    Base Addr    Size         Type   Attr      Idx    E Section Name        Object

    0x20000000   0x00000340   Data   RW           11    .data               main.o
    0x20000340   0x00000008   Data   RW           77    .data               kitronix320x240x16_ssd2119_8bit.o
    0x20000348   0x00000002   Data   RW          131    .data               set_pinout.o
    0x2000034a   0x00000002   PAD
    0x2000034c   0x00000014   Data   RW          157    .data               touch.o
    0x20000360   0x00000030   Data   RW         1843    .data               grlib.lib(widget.o)
    0x20000390   0x00000004   Data   RW         2115    .data               mc_w.l(rand.o)
    0x20000394   0x00000010   Zero   RW          155    .bss                touch.o
    0x200003a4   0x00000140   Zero   RW         1844    .bss                grlib.lib(widget.o)
    0x200004e4   0x00000020   Zero   RW         1984    .bss                grlib.lib(image.o)
    0x20000504   0x00000004   PAD
    0x20000508   0x00003000   Zero   RW            1    STACK               startup.o


==============================================================================

Image component sizes


      Code (inc. data)   RO Data    RW Data    ZI Data      Debug   Object Name

         0          0       3153          0          0        318   1.o
         0          0       3057          0          0        318   2.o
      2240         68         40          8          0      24126   kitronix320x240x16_ssd2119_8bit.o
      3632        238         18        832          0      34734   main.o
      1252         94        132          2          0       5512   set_pinout.o
       632        622          0          0      12288        188   startup.o
      1180        108         56         20         16       3216   touch.o

    ----------------------------------------------------------------------
      8936       1130       6492        864      12304      68412   Object Totals
         0          0         32          0          0          0   (incl. Generated)
         0          0          4          2          0          0   (incl. Padding)

    ----------------------------------------------------------------------

      Code (inc. data)   RO Data    RW Data    ZI Data      Debug   Library Member Name

       204          0          0          0          0       6949   adc.o
        20          0          0          0          0        301   cpu.o
       116          0          0          0          0       3212   epi.o
       278          0          0          0          0       3878   gpio.o
       124          8          0          0          0       4675   i2c.o
       114          0          0          0          0       1085   interrupt.o
       830         74        156          0          0       4001   sysctl.o
        32          0          0          0          0       1354   systick.o
        82          0          0          0          0       2121   timer.o
       426          0          0          0          0      20683   canvas.o
         0          0          0          0          0      14084   circle.o
       144          0          0          0          0      15274   context.o
         0          0       2534          0          0      14601   fontcmss22b.o
       728          4          0          0         32       2692   image.o
       176          0          0          0          0       1948   line.o
       708          0          0          0          0      23203   pushbutton.o
       280          0          0          0          0      15597   rectangle.o
       744          0          0          0          0       2640   string.o
       722         34          0         48        320      21393   widget.o
        92          0          0          0          0          0   __dczerorl2.o
         0          0          0          0          0          0   entry.o
         8          4          0          0          0          0   entry2.o
         4          0          0          0          0          0   entry5.o
         0          0          0          0          0          0   entry7b.o
         8          4          0          0          0          0   entry8.o
        30          0          0          0          0          0   handlers.o
        36          8          0          0          0         68   init.o
        36         10          0          4          0        136   rand.o

    ----------------------------------------------------------------------
      5948        146       2692         52        356     159895   Library Totals
         6          0          2          0          4          0   (incl. Padding)

    ----------------------------------------------------------------------

      Code (inc. data)   RO Data    RW Data    ZI Data      Debug   Library Name

      1800         82        156          0          0      27576   driverlib.lib
      3928         38       2534         48        352     132115   grlib.lib
       214         26          0          4          0        204   mc_w.l

    ----------------------------------------------------------------------
      5948        146       2692         52        356     159895   Library Totals

    ----------------------------------------------------------------------

==============================================================================


      Code (inc. data)   RO Data    RW Data    ZI Data      Debug   

     14884       1276       9184        916      12660     225493   Grand Totals
     14884       1276       9184        220      12660     225493   ELF Image Totals (compressed)
     14884       1276       9184        220          0          0   ROM Totals

==============================================================================

    Total RO  Size (Code + RO Data)                24068 (  23.50kB)
    Total RW  Size (RW Data + ZI Data)             13576 (  13.26kB)
    Total ROM Size (Code + RO Data + RW Data)      24288 (  23.72kB)

==============================================================================

